----
RUNNING: tests/darray_algos_tests
ALL TESTS PASSED
Tests run: 1
----
RUNNING: tests/darray_tests
ALL TESTS PASSED
Tests run: 8
----
RUNNING: tests/list_algos_tests
ALL TESTS PASSED
Tests run: 2
----
RUNNING: tests/list_tests
ALL TESTS PASSED
Tests run: 6
